// Jest Snapshot v1, https://goo.gl/fbAQLP

exports[`Select Select component should render correctly 1`] = `
<div>
  <div
    class="formField optional"
  >
    <label
      class="formLabel label"
    >
      <span>
        Select
      </span>
      <div
        class="wrapper"
      >
        <select
          aria-describedby="selectValidationMessage"
          class="select"
          id="select"
          name="select"
        >
          <option
            value="0"
          >
            Option 1
          </option>
          <option
            value="1"
          >
            Option 2
          </option>
          <option
            value="2"
          >
            Option 3
          </option>
          <option
            value="3"
          >
            Option 4
          </option>
          <option
            value="4"
          >
            Option 5
          </option>
          <option
            value="5"
          >
            Option 6
          </option>
          <option
            value="6"
          >
            Option 7
          </option>
          <option
            value="7"
          >
            Option 8
          </option>
          <option
            value="8"
          >
            Option 9
          </option>
          <option
            value="9"
          >
            Option 10
          </option>
          <option
            value="10"
          >
            Option 11
          </option>
          <option
            value="11"
          >
            Option 12
          </option>
          <option
            value="12"
          >
            Option 13
          </option>
          <option
            value="13"
          >
            Option 14
          </option>
          <option
            value="14"
          >
            Option 15
          </option>
          <option
            value="15"
          >
            Option 16
          </option>
          <option
            value="16"
          >
            Option 17
          </option>
          <option
            value="17"
          >
            Option 18
          </option>
          <option
            value="18"
          >
            Option 19
          </option>
          <option
            value="19"
          >
            Option 20
          </option>
        </select>
        <test-file-stub
          classname="digicon"
          height="16"
          width="16"
        />
      </div>
    </label>
  </div>
</div>
`;
